2026/08/14 13:05:54.384148 request url: https://api.telegram.org/bot***/getMe, payload: null
2026/08/14 13:05:55.060381 response from 'https://api.telegram.org/bot***/getMe' with payload '{"ok":true,"result":{"id":7777388555,"is_bot":true,"first_name":"AS7","username":"AS777_77_bot","can_join_groups":true,"can_read_all_group_messages":false,"supports_inline_queries":true,"supports_guest_queries":false,"can_connect_to_business":false,"has_main_web_app":false,"has_topics_enabled":false,"allows_users_to_create_topics":false,"can_manage_bots":false,"supports_join_request_queries":false}}'
2026/08/14 13:05:55.178466 response from 'https://api.telegram.org/bot***/getUpdates' with payload '{"ok":true,"result":[{"update_id":712567584,
"message":{"message_id":517,"from":{"id":5591589863,"is_bot":false,"first_name":"Matin","last_name":"HAB","username":"MHB2005","language_code":"en"},"chat":{"id":5591589863,"first_name":"Matin","last_name":"HAB","username":"MHB2005","type":"private"},"date":1786700141,"text":"s"}}]}'
2026/08/14 13:05:55.188759 request url: https://api.telegram.org/bot***/sendMessage, payload: {"chat_id":5591589863,"text":"Command or message not recognized. Please use /help for available options."}
2026/08/14 13:05:55.388394 response from 'https://api.telegram.org/bot***/sendMessage' with payload '{"ok":true,"result":{"message_id":518,"from":{"id":7777388555,"is_bot":true,"first_name":"AS7","username":"AS777_77_bot"},"chat":{"id":5591589863,"first_name":"Matin","last_name":"HAB","username":"MHB2005","type":"private"},"date":1786700158,"text":"Command or message not recognized. Please use /help for available options.","entities":[{"offset":46,"length":5,"type":"bot_command"}]}}'
2026/08/14 13:06:11.294919 response from 'https://api.telegram.org/bot***/getUpdates' with payload '{"ok":true,"result":[{"update_id":712567585,
"message":{"message_id":519,"from":{"id":5591589863,"is_bot":false,"first_name":"Matin","last_name":"HAB","username":"MHB2005","language_code":"en"},"chat":{"id":5591589863,"first_name":"Matin","last_name":"HAB","username":"MHB2005","type":"private"},"date":1786700173,"text":"text: \"Hello /start and @channel\"","entities":[{"offset":0,"length":4,"type":"code"},{"offset":6,"length":26,"type":"code"}]}}]}'
2026/08/14 13:06:11.295504 request url: https://api.telegram.org/bot***/sendMessage, payload: {"chat_id":5591589863,"text":"Command or message not recognized. Please use /help for available options."}
2026/08/14 13:06:12.150351 response from 'https://api.telegram.org/bot***/sendMessage' with payload '{"ok":true,"result":{"message_id":520,"from":{"id":7777388555,"is_bot":true,"first_name":"AS7","username":"AS777_77_bot"},"chat":{"id":5591589863,"first_name":"Matin","last_name":"HAB","username":"MHB2005","type":"private"},"date":1786700174,"text":"Command or message not recognized. Please use /help for available options.","entities":[{"offset":46,"length":5,"type":"bot_command"}]}}'
2026/08/14 13:06:41.746208 response from 'https://api.telegram.org/bot***/getUpdates' with payload '{"ok":true,"result":[{"update_id":712567586,
"edited_message":{"message_id":519,"from":{"id":5591589863,"is_bot":false,"first_name":"Matin","last_name":"HAB","username":"MHB2005","language_code":"en"},"chat":{"id":5591589863,"first_name":"Matin","last_name":"HAB","username":"MHB2005","type":"private"},"date":1786700173,"edit_date":1786700204,"text":"Hello /start and @","entities":[{"offset":0,"length":18,"type":"code"}]}}]}'
2026/08/14 13:08:10.164881 response from 'https://api.telegram.org/bot***/getUpdates' with payload '{"ok":true,"result":[{"update_id":712567587,
"message":{"message_id":521,"from":{"id":5591589863,"is_bot":false,"first_name":"Matin","last_name":"HAB","username":"MHB2005","language_code":"en"},"chat":{"id":5591589863,"first_name":"Matin","last_name":"HAB","username":"MHB2005","type":"private"},"date":1786700292,"text":"this is regular , this is bold , this is italic , this is under  , @alphadlbot","entities":[{"offset":17,"length":13,"type":"bold"},{"offset":33,"length":15,"type":"italic"},{"offset":49,"length":15,"type":"strikethrough"},{"offset":67,"length":11,"type":"mention"}]}}]}'
2026/08/14 13:08:10.166220 request url: https://api.telegram.org/bot***/sendMessage, payload: {"chat_id":5591589863,"text":"Command or message not recognized. Please use /help for available options."}
2026/08/14 13:08:10.341987 response from 'https://api.telegram.org/bot***/sendMessage' with payload '{"ok":true,"result":{"message_id":522,"from":{"id":7777388555,"is_bot":true,"first_name":"AS7","username":"AS777_77_bot"},"chat":{"id":5591589863,"first_name":"Matin","last_name":"HAB","username":"MHB2005","type":"private"},"date":1786700293,"text":"Command or message not recognized. Please use /help for available options.","entities":[{"offset":46,"length":5,"type":"bot_command"}]}}'
2026/08/14 13:11:20.950230 response from 'https://api.telegram.org/bot***/getUpdates' with payload '{"ok":true,"result":[{"update_id":712567588,
"message":{"message_id":523,"from":{"id":5591589863,"is_bot":false,"first_name":"Matin","last_name":"HAB","username":"MHB2005","language_code":"en"},"chat":{"id":5591589863,"first_name":"Matin","last_name":"HAB","username":"MHB2005","type":"private"},"date":1786700483,"text":"\ud83d\ude02\ud83d\ude02\ud83d\ude02\ud83d\ude02\ud83d\ude02\ud83d\ude02\ud83d\ude02\u2764\ufe0f\u2764\ufe0f\u2764\ufe0f\u2764\ufe0f\u2764\ufe0f\u2764\ufe0f\u2764\ufe0f"}}]}'
2026/08/14 13:11:20.951784 request url: https://api.telegram.org/bot***/sendMessage, payload: {"chat_id":5591589863,"text":"Command or message not recognized. Please use /help for available options."}
2026/08/14 13:11:21.167383 response from 'https://api.telegram.org/bot***/sendMessage' with payload '{"ok":true,"result":{"message_id":524,"from":{"id":7777388555,"is_bot":true,"first_name":"AS7","username":"AS777_77_bot"},"chat":{"id":5591589863,"first_name":"Matin","last_name":"HAB","username":"MHB2005","type":"private"},"date":1786700483,"text":"Command or message not recognized. Please use /help for available options.","entities":[{"offset":46,"length":5,"type":"bot_command"}]}}'
2026/08/14 13:12:12.775354 response from 'https://api.telegram.org/bot***/getUpdates' with payload '{"ok":true,"result":[{"update_id":712567589,
"message":{"message_id":525,"from":{"id":5591589863,"is_bot":false,"first_name":"Matin","last_name":"HAB","username":"MHB2005","language_code":"en"},"chat":{"id":5591589863,"first_name":"Matin","last_name":"HAB","username":"MHB2005","type":"private"},"date":1786700535,"text":"\ud83d\udcae"}}]}'
2026/08/14 13:12:12.775862 request url: https://api.telegram.org/bot***/sendMessage, payload: {"chat_id":5591589863,"text":"Command or message not recognized. Please use /help for available options."}
2026/08/14 13:12:13.069327 response from 'https://api.telegram.org/bot***/sendMessage' with payload '{"ok":true,"result":{"message_id":526,"from":{"id":7777388555,"is_bot":true,"first_name":"AS7","username":"AS777_77_bot"},"chat":{"id":5591589863,"first_name":"Matin","last_name":"HAB","username":"MHB2005","type":"private"},"date":1786700535,"text":"Command or message not recognized. Please use /help for available options.","entities":[{"offset":46,"length":5,"type":"bot_command"}]}}'
2026/08/14 13:14:23.484423 response from 'https://api.telegram.org/bot***/getUpdates' with payload '{"ok":true,"result":[{"update_id":712567590,
"message":{"message_id":527,"from":{"id":5591589863,"is_bot":false,"first_name":"Matin","last_name":"HAB","username":"MHB2005","language_code":"en"},"chat":{"id":5591589863,"first_name":"Matin","last_name":"HAB","username":"MHB2005","type":"private"},"date":1786700666,"text":"/start","entities":[{"offset":0,"length":6,"type":"bot_command"}]}}]}'
2026/08/14 13:14:23.486341 request url: https://api.telegram.org/bot***/sendMessage, payload: {"chat_id":5591589863,"text":"Hello! Welcome to the test bot. Please select an option:","reply_markup":{"inline_keyboard":[[{"text":"Option 1 🟢","callback_data":"select_opt1"},{"text":"Option 2 🔵","callback_data":"select_opt2"}]]}}
2026/08/14 13:14:23.691265 response from 'https://api.telegram.org/bot***/sendMessage' with payload '{"ok":true,"result":{"message_id":528,"from":{"id":7777388555,"is_bot":true,"first_name":"AS7","username":"AS777_77_bot"},"chat":{"id":5591589863,"first_name":"Matin","last_name":"HAB","username":"MHB2005","type":"private"},"date":1786700666,"text":"Hello! Welcome to the test bot. Please select an option:","reply_markup":{"inline_keyboard":[[{"text":"Option 1 \ud83d\udfe2","callback_data":"select_opt1"},{"text":"Option 2 \ud83d\udd35","callback_data":"select_opt2"}]]}}}'
2026/08/14 13:14:28.997780 response from 'https://api.telegram.org/bot***/getUpdates' with payload '{"ok":true,"result":[{"update_id":712567591,
"message":{"message_id":529,"from":{"id":5591589863,"is_bot":false,"first_name":"Matin","last_name":"HAB","username":"MHB2005","language_code":"en"},"chat":{"id":5591589863,"first_name":"Matin","last_name":"HAB","username":"MHB2005","type":"private"},"date":1786700671,"text":"hello /start heello","entities":[{"offset":6,"length":6,"type":"bot_command"}]}}]}'
2026/08/14 13:14:28.999297 request url: https://api.telegram.org/bot***/sendMessage, payload: {"chat_id":5591589863,"text":"Command or message not recognized. Please use /help for available options."}
2026/08/14 13:14:29.301252 response from 'https://api.telegram.org/bot***/sendMessage' with payload '{"ok":true,"result":{"message_id":530,"from":{"id":7777388555,"is_bot":true,"first_name":"AS7","username":"AS777_77_bot"},"chat":{"id":5591589863,"first_name":"Matin","last_name":"HAB","username":"MHB2005","type":"private"},"date":1786700672,"text":"Command or message not recognized. Please use /help for available options.","entities":[{"offset":46,"length":5,"type":"bot_command"}]}}'
2026/08/14 13:29:06.006741 response from 'https://api.telegram.org/bot***/getUpdates' with payload '{"ok":true,"result":[{"update_id":712567592,
"message":{"message_id":531,"from":{"id":5591589863,"is_bot":false,"first_name":"Matin","last_name":"HAB","username":"MHB2005","language_code":"en"},"chat":{"id":5591589863,"first_name":"Matin","last_name":"HAB","username":"MHB2005","type":"private"},"date":1786701548,"text":"1"}}]}'
2026/08/14 13:29:06.014597 request url: https://api.telegram.org/bot***/sendMessage, payload: {"chat_id":5591589863,"text":"Command or message not recognized. Please use /help for available options."}
2026/08/14 13:29:06.186257 response from 'https://api.telegram.org/bot***/sendMessage' with payload '{"ok":true,"result":{"message_id":532,"from":{"id":7777388555,"is_bot":true,"first_name":"AS7","username":"AS777_77_bot"},"chat":{"id":5591589863,"first_name":"Matin","last_name":"HAB","username":"MHB2005","type":"private"},"date":1786701548,"text":"Command or message not recognized. Please use /help for available options.","entities":[{"offset":46,"length":5,"type":"bot_command"}]}}'
2026/08/14 13:29:06.561427 response from 'https://api.telegram.org/bot***/getUpdates' with payload '{"ok":true,"result":[{"update_id":712567593,
"message":{"message_id":533,"from":{"id":5591589863,"is_bot":false,"first_name":"Matin","last_name":"HAB","username":"MHB2005","language_code":"en"},"chat":{"id":5591589863,"first_name":"Matin","last_name":"HAB","username":"MHB2005","type":"private"},"date":1786701549,"text":"2"}}]}'
2026/08/14 13:29:06.562211 request url: https://api.telegram.org/bot***/sendMessage, payload: {"chat_id":5591589863,"text":"Command or message not recognized. Please use /help for available options."}
2026/08/14 13:29:06.754566 response from 'https://api.telegram.org/bot***/sendMessage' with payload '{"ok":true,"result":{"message_id":534,"from":{"id":7777388555,"is_bot":true,"first_name":"AS7","username":"AS777_77_bot"},"chat":{"id":5591589863,"first_name":"Matin","last_name":"HAB","username":"MHB2005","type":"private"},"date":1786701549,"text":"Command or message not recognized. Please use /help for available options.","entities":[{"offset":46,"length":5,"type":"bot_command"}]}}'
2026/08/14 13:29:07.462785 response from 'https://api.telegram.org/bot***/getUpdates' with payload '{"ok":true,"result":[{"update_id":712567594,
"message":{"message_id":535,"from":{"id":5591589863,"is_bot":false,"first_name":"Matin","last_name":"HAB","username":"MHB2005","language_code":"en"},"chat":{"id":5591589863,"first_name":"Matin","last_name":"HAB","username":"MHB2005","type":"private"},"date":1786701550,"text":"3"}}]}'
2026/08/14 13:29:07.462785 request url: https://api.telegram.org/bot***/sendMessage, payload: {"chat_id":5591589863,"text":"Command or message not recognized. Please use /help for available options."}
2026/08/14 13:29:07.641329 response from 'https://api.telegram.org/bot***/sendMessage' with payload '{"ok":true,"result":{"message_id":536,"from":{"id":7777388555,"is_bot":true,"first_name":"AS7","username":"AS777_77_bot"},"chat":{"id":5591589863,"first_name":"Matin","last_name":"HAB","username":"MHB2005","type":"private"},"date":1786701550,"text":"Command or message not recognized. Please use /help for available options.","entities":[{"offset":46,"length":5,"type":"bot_command"}]}}'
2026/08/14 13:29:09.152652 response from 'https://api.telegram.org/bot***/getUpdates' with payload '{"ok":true,"result":[{"update_id":712567595,
"message":{"message_id":537,"from":{"id":5591589863,"is_bot":false,"first_name":"Matin","last_name":"HAB","username":"MHB2005","language_code":"en"},"chat":{"id":5591589863,"first_name":"Matin","last_name":"HAB","username":"MHB2005","type":"private"},"date":1786701551,"text":"5"}}]}'
2026/08/14 13:29:09.152652 request url: https://api.telegram.org/bot***/sendMessage, payload: {"chat_id":5591589863,"text":"Command or message not recognized. Please use /help for available options."}
2026/08/14 13:29:09.291271 response from 'https://api.telegram.org/bot***/sendMessage' with payload '{"ok":true,"result":{"message_id":538,"from":{"id":7777388555,"is_bot":true,"first_name":"AS7","username":"AS777_77_bot"},"chat":{"id":5591589863,"first_name":"Matin","last_name":"HAB","username":"MHB2005","type":"private"},"date":1786701552,"text":"Command or message not recognized. Please use /help for available options.","entities":[{"offset":46,"length":5,"type":"bot_command"}]}}'
2026/08/14 13:29:09.811445 response from 'https://api.telegram.org/bot***/getUpdates' with payload '{"ok":true,"result":[{"update_id":712567596,
"message":{"message_id":539,"from":{"id":5591589863,"is_bot":false,"first_name":"Matin","last_name":"HAB","username":"MHB2005","language_code":"en"},"chat":{"id":5591589863,"first_name":"Matin","last_name":"HAB","username":"MHB2005","type":"private"},"date":1786701552,"text":"5"}}]}'
2026/08/14 13:29:09.811963 request url: https://api.telegram.org/bot***/sendMessage, payload: {"chat_id":5591589863,"text":"Command or message not recognized. Please use /help for available options."}
2026/08/14 13:29:10.048435 response from 'https://api.telegram.org/bot***/sendMessage' with payload '{"ok":true,"result":{"message_id":540,"from":{"id":7777388555,"is_bot":true,"first_name":"AS7","username":"AS777_77_bot"},"chat":{"id":5591589863,"first_name":"Matin","last_name":"HAB","username":"MHB2005","type":"private"},"date":1786701552,"text":"Command or message not recognized. Please use /help for available options.","entities":[{"offset":46,"length":5,"type":"bot_command"}]}}'
2026/08/14 13:29:26.640879 response from 'https://api.telegram.org/bot***/getUpdates' with payload '{"ok":true,"result":[{"update_id":712567597,
"message":{"message_id":541,"from":{"id":5591589863,"is_bot":false,"first_name":"Matin","last_name":"HAB","username":"MHB2005","language_code":"en"},"chat":{"id":5591589863,"first_name":"Matin","last_name":"HAB","username":"MHB2005","type":"private"},"date":1786701569,"text":"1"}}]}'
2026/08/14 13:29:26.641648 request url: https://api.telegram.org/bot***/sendMessage, payload: {"chat_id":5591589863,"text":"Command or message not recognized. Please use /help for available options."}
2026/08/14 13:29:26.790726 response from 'https://api.telegram.org/bot***/sendMessage' with payload '{"ok":true,"result":{"message_id":542,"from":{"id":7777388555,"is_bot":true,"first_name":"AS7","username":"AS777_77_bot"},"chat":{"id":5591589863,"first_name":"Matin","last_name":"HAB","username":"MHB2005","type":"private"},"date":1786701569,"text":"Command or message not recognized. Please use /help for available options.","entities":[{"offset":46,"length":5,"type":"bot_command"}]}}'
2026/08/14 13:29:33.261346 response from 'https://api.telegram.org/bot***/getUpdates' with payload '{"ok":true,"result":[{"update_id":712567598,
"message":{"message_id":543,"from":{"id":5591589863,"is_bot":false,"first_name":"Matin","last_name":"HAB","username":"MHB2005","language_code":"en"},"chat":{"id":5591589863,"first_name":"Matin","last_name":"HAB","username":"MHB2005","type":"private"},"date":1786701575,"text":"2"}}]}'
2026/08/14 13:29:33.262757 request url: https://api.telegram.org/bot***/sendMessage, payload: {"chat_id":5591589863,"text":"Command or message not recognized. Please use /help for available options."}
2026/08/14 13:29:33.449601 response from 'https://api.telegram.org/bot***/sendMessage' with payload '{"ok":true,"result":{"message_id":544,"from":{"id":7777388555,"is_bot":true,"first_name":"AS7","username":"AS777_77_bot"},"chat":{"id":5591589863,"first_name":"Matin","last_name":"HAB","username":"MHB2005","type":"private"},"date":1786701576,"text":"Command or message not recognized. Please use /help for available options.","entities":[{"offset":46,"length":5,"type":"bot_command"}]}}'
2026/08/14 13:30:31.371443 response from 'https://api.telegram.org/bot***/getUpdates' with payload '{"ok":true,"result":[{"update_id":712567599,
"message":{"message_id":545,"from":{"id":5591589863,"is_bot":false,"first_name":"Matin","last_name":"HAB","username":"MHB2005","language_code":"en"},"chat":{"id":5591589863,"first_name":"Matin","last_name":"HAB","username":"MHB2005","type":"private"},"date":1786701634,"text":"1"}}]}'
2026/08/14 13:30:31.372063 request url: https://api.telegram.org/bot***/sendMessage, payload: {"chat_id":5591589863,"text":"Command or message not recognized. Please use /help for available options."}
2026/08/14 13:30:31.663334 response from 'https://api.telegram.org/bot***/sendMessage' with payload '{"ok":true,"result":{"message_id":546,"from":{"id":7777388555,"is_bot":true,"first_name":"AS7","username":"AS777_77_bot"},"chat":{"id":5591589863,"first_name":"Matin","last_name":"HAB","username":"MHB2005","type":"private"},"date":1786701634,"text":"Command or message not recognized. Please use /help for available options.","entities":[{"offset":46,"length":5,"type":"bot_command"}]}}'
2026/08/14 13:30:34.884693 response from 'https://api.telegram.org/bot***/getUpdates' with payload '{"ok":true,"result":[{"update_id":712567600,
"message":{"message_id":547,"from":{"id":5591589863,"is_bot":false,"first_name":"Matin","last_name":"HAB","username":"MHB2005","language_code":"en"},"chat":{"id":5591589863,"first_name":"Matin","last_name":"HAB","username":"MHB2005","type":"private"},"date":1786701637,"text":"2"}}]}'
2026/08/14 13:30:34.886589 request url: https://api.telegram.org/bot***/sendMessage, payload: {"chat_id":5591589863,"text":"Command or message not recognized. Please use /help for available options."}
2026/08/14 13:30:35.066119 response from 'https://api.telegram.org/bot***/sendMessage' with payload '{"ok":true,"result":{"message_id":548,"from":{"id":7777388555,"is_bot":true,"first_name":"AS7","username":"AS777_77_bot"},"chat":{"id":5591589863,"first_name":"Matin","last_name":"HAB","username":"MHB2005","type":"private"},"date":1786701637,"text":"Command or message not recognized. Please use /help for available options.","entities":[{"offset":46,"length":5,"type":"bot_command"}]}}'
