2026/08/14 17:46:35.118230 request url: https://api.telegram.org/bot***/getMe, payload: null
2026/08/14 17:46:35.851339 response from 'https://api.telegram.org/bot***/getMe' with payload '
Payload:
{
  "ok": true,
  "result": {
    "allows_users_to_create_topics": false,
    "can_connect_to_business": false,
    "can_join_groups": true,
    "can_manage_bots": false,
    "can_read_all_group_messages": false,
    "first_name": "AS7",
    "has_main_web_app": false,
    "has_topics_enabled": false,
    "id": 7777388555,
    "is_bot": true,
    "supports_guest_queries": false,
    "supports_inline_queries": true,
    "supports_join_request_queries": false,
    "username": "AS777_77_bot"
  }
}
--------------------------------------------------------------------------------
2026/08/14 17:46:35.972091 response from 'https://api.telegram.org/bot***/getUpdates' with payload '
Payload:
{
  "ok": true,
  "result": [
    {
      "message": {
        "chat": {
          "first_name": "Matin",
          "id": 5591589863,
          "last_name": "HAB",
          "type": "private",
          "username": "MHB2005"
        },
        "date": 1786716998,
        "entities": [
          {
            "length": 6,
            "offset": 0,
            "type": "bot_command"
          }
        ],
        "from": {
          "first_name": "Matin",
          "id": 5591589863,
          "is_bot": false,
          "language_code": "en",
          "last_name": "HAB",
          "username": "MHB2005"
        },
        "message_id": 595,
        "text": "/start"
      },
      "update_id": 712567630
    }
  ]
}
--------------------------------------------------------------------------------
2026/08/14 17:46:35.989460 request url: https://api.telegram.org/bot***/sendMessage, payload:
Payload:
{
  "chat_id": 5591589863,
  "reply_markup": {
    "inline_keyboard": [
      [
        {
          "callback_data": "select_opt1",
          "text": "Option 1 🟢"
        },
        {
          "callback_data": "select_opt2",
          "text": "Option 2 🔵"
        }
      ]
    ]
  },
  "text": "Hello! Welcome to the test bot. Please select an option:"
}
--------------------------------------------------------------------------------
2026/08/14 17:46:36.144988 response from 'https://api.telegram.org/bot***/sendMessage' with payload '
Payload:
{
  "ok": true,
  "result": {
    "chat": {
      "first_name": "Matin",
      "id": 5591589863,
      "last_name": "HAB",
      "type": "private",
      "username": "MHB2005"
    },
    "date": 1786716998,
    "from": {
      "first_name": "AS7",
      "id": 7777388555,
      "is_bot": true,
      "username": "AS777_77_bot"
    },
    "message_id": 596,
    "reply_markup": {
      "inline_keyboard": [
        [
          {
            "callback_data": "select_opt1",
            "text": "Option 1 🟢"
          },
          {
            "callback_data": "select_opt2",
            "text": "Option 2 🔵"
          }
        ]
      ]
    },
    "text": "Hello! Welcome to the test bot. Please select an option:"
  }
}
--------------------------------------------------------------------------------
2026/08/14 17:46:38.147198 response from 'https://api.telegram.org/bot***/getUpdates' with payload '
Payload:
{
  "ok": true,
  "result": [
    {
      "message": {
        "chat": {
          "first_name": "Matin",
          "id": 5591589863,
          "last_name": "HAB",
          "type": "private",
          "username": "MHB2005"
        },
        "date": 1786717000,
        "entities": [
          {
            "length": 9,
            "offset": 0,
            "type": "bot_command"
          }
        ],
        "from": {
          "first_name": "Matin",
          "id": 5591589863,
          "is_bot": false,
          "language_code": "en",
          "last_name": "HAB",
          "username": "MHB2005"
        },
        "message_id": 597,
        "text": "/progress"
      },
      "update_id": 712567631
    }
  ]
}
--------------------------------------------------------------------------------
2026/08/14 17:46:38.147959 request url: https://api.telegram.org/bot***/sendMessage, payload:
Payload:
{
  "chat_id": 5591589863,
  "text": "0 %"
}
--------------------------------------------------------------------------------
2026/08/14 17:46:38.338481 response from 'https://api.telegram.org/bot***/sendMessage' with payload '
Payload:
{
  "ok": true,
  "result": {
    "chat": {
      "first_name": "Matin",
      "id": 5591589863,
      "last_name": "HAB",
      "type": "private",
      "username": "MHB2005"
    },
    "date": 1786717001,
    "from": {
      "first_name": "AS7",
      "id": 7777388555,
      "is_bot": true,
      "username": "AS777_77_bot"
    },
    "message_id": 598,
    "text": "0 %"
  }
}
--------------------------------------------------------------------------------
2026/08/14 17:46:38.339831 request url: https://api.telegram.org/bot***/editMessageText, payload:
Payload:
{
  "chat_id": 597,
  "message_id": 598,
  "text": "15 %"
}
--------------------------------------------------------------------------------
2026/08/14 17:46:39.544672 request url: https://api.telegram.org/bot***/editMessageText, payload:
Payload:
{
  "chat_id": 597,
  "message_id": 598,
  "text": "35 %"
}
--------------------------------------------------------------------------------
2026/08/14 17:46:40.897423 request url: https://api.telegram.org/bot***/editMessageText, payload:
Payload:
{
  "chat_id": 597,
  "message_id": 598,
  "text": "55 %"
}
--------------------------------------------------------------------------------
2026/08/14 17:46:41.135035 request url: https://api.telegram.org/bot***/editMessageText, payload:
Payload:
{
  "chat_id": 597,
  "message_id": 598,
  "text": "55 %"
}
--------------------------------------------------------------------------------
2026/08/14 17:46:41.345636 request url: https://api.telegram.org/bot***/editMessageText, payload:
Payload:
{
  "chat_id": 597,
  "message_id": 598,
  "text": "70 %"
}
--------------------------------------------------------------------------------
2026/08/14 17:46:41.530924 request url: https://api.telegram.org/bot***/editMessageText, payload:
Payload:
{
  "chat_id": 597,
  "message_id": 598,
  "text": "70 %"
}
--------------------------------------------------------------------------------
2026/08/14 17:46:43.704023 request url: https://api.telegram.org/bot***/editMessageText, payload:
Payload:
{
  "chat_id": 597,
  "message_id": 598,
  "text": "70 %"
}
--------------------------------------------------------------------------------
2026/08/14 17:46:44.870292 request url: https://api.telegram.org/bot***/editMessageText, payload:
Payload:
{
  "chat_id": 597,
  "message_id": 598,
  "text": "85 %"
}
--------------------------------------------------------------------------------
2026/08/14 17:46:46.039729 request url: https://api.telegram.org/bot***/editMessageText, payload:
Payload:
{
  "chat_id": 597,
  "message_id": 598,
  "text": "100 %"
}
--------------------------------------------------------------------------------
