2026/08/14 17:02:16.354883 request url: https://api.telegram.org/bot***/getMe, payload: null
2026/08/14 17:02:16.981052 response from 'https://api.telegram.org/bot***/getMe' with payload '
Payload:
{
  "ok": true,
  "result": {
    "allows_users_to_create_topics": false,
    "can_connect_to_business": false,
    "can_join_groups": true,
    "can_manage_bots": false,
    "can_read_all_group_messages": false,
    "first_name": "AS7",
    "has_main_web_app": false,
    "has_topics_enabled": false,
    "id": 7777388555,
    "is_bot": true,
    "supports_guest_queries": false,
    "supports_inline_queries": true,
    "supports_join_request_queries": false,
    "username": "AS777_77_bot"
  }
}
--------------------------------------------------------------------------------
2026/08/14 17:02:23.217066 response from 'https://api.telegram.org/bot***/getUpdates' with payload '
Payload:
{
  "ok": true,
  "result": [
    {
      "message": {
        "chat": {
          "first_name": "Matin",
          "id": 5591589863,
          "last_name": "HAB",
          "type": "private",
          "username": "MHB2005"
        },
        "date": 1786714345,
        "entities": [
          {
            "length": 6,
            "offset": 0,
            "type": "bot_command"
          }
        ],
        "from": {
          "first_name": "Matin",
          "id": 5591589863,
          "is_bot": false,
          "language_code": "en",
          "last_name": "HAB",
          "username": "MHB2005"
        },
        "message_id": 559,
        "text": "/start"
      },
      "update_id": 712567609
    }
  ]
}
--------------------------------------------------------------------------------
2026/08/14 17:02:23.228075 request url: https://api.telegram.org/bot***/sendMessage, payload:
Payload:
{
  "chat_id": 5591589863,
  "reply_markup": {
    "inline_keyboard": [
      [
        {
          "callback_data": "select_opt1",
          "text": "Option 1 🟢"
        },
        {
          "callback_data": "select_opt2",
          "text": "Option 2 🔵"
        }
      ]
    ]
  },
  "text": "Hello! Welcome to the test bot. Please select an option:"
}
--------------------------------------------------------------------------------
2026/08/14 17:02:23.417457 response from 'https://api.telegram.org/bot***/sendMessage' with payload '
Payload:
{
  "ok": true,
  "result": {
    "chat": {
      "first_name": "Matin",
      "id": 5591589863,
      "last_name": "HAB",
      "type": "private",
      "username": "MHB2005"
    },
    "date": 1786714346,
    "from": {
      "first_name": "AS7",
      "id": 7777388555,
      "is_bot": true,
      "username": "AS777_77_bot"
    },
    "message_id": 560,
    "reply_markup": {
      "inline_keyboard": [
        [
          {
            "callback_data": "select_opt1",
            "text": "Option 1 🟢"
          },
          {
            "callback_data": "select_opt2",
            "text": "Option 2 🔵"
          }
        ]
      ]
    },
    "text": "Hello! Welcome to the test bot. Please select an option:"
  }
}
--------------------------------------------------------------------------------
2026/08/14 17:02:26.065744 response from 'https://api.telegram.org/bot***/getUpdates' with payload '
Payload:
{
  "ok": true,
  "result": [
    {
      "message": {
        "chat": {
          "first_name": "Matin",
          "id": 5591589863,
          "last_name": "HAB",
          "type": "private",
          "username": "MHB2005"
        },
        "date": 1786714348,
        "entities": [
          {
            "length": 5,
            "offset": 0,
            "type": "bot_command"
          }
        ],
        "from": {
          "first_name": "Matin",
          "id": 5591589863,
          "is_bot": false,
          "language_code": "en",
          "last_name": "HAB",
          "username": "MHB2005"
        },
        "message_id": 561,
        "text": "/help"
      },
      "update_id": 712567610
    }
  ]
}
--------------------------------------------------------------------------------
2026/08/14 17:02:26.066267 request url: https://api.telegram.org/bot***/sendMessage, payload:
Payload:
{
  "chat_id": 5591589863,
  "text": "Bot commands:\n/start - Start and view options\n/help - Show help message"
}
--------------------------------------------------------------------------------
2026/08/14 17:02:26.254313 response from 'https://api.telegram.org/bot***/sendMessage' with payload '
Payload:
{
  "ok": true,
  "result": {
    "chat": {
      "first_name": "Matin",
      "id": 5591589863,
      "last_name": "HAB",
      "type": "private",
      "username": "MHB2005"
    },
    "date": 1786714348,
    "entities": [
      {
        "length": 6,
        "offset": 14,
        "type": "bot_command"
      },
      {
        "length": 5,
        "offset": 46,
        "type": "bot_command"
      }
    ],
    "from": {
      "first_name": "AS7",
      "id": 7777388555,
      "is_bot": true,
      "username": "AS777_77_bot"
    },
    "message_id": 562,
    "text": "Bot commands:\n/start - Start and view options\n/help - Show help message"
  }
}
--------------------------------------------------------------------------------
2026/08/14 17:02:28.077911 response from 'https://api.telegram.org/bot***/getUpdates' with payload '
Payload:
{
  "ok": true,
  "result": [
    {
      "message": {
        "chat": {
          "first_name": "Matin",
          "id": 5591589863,
          "last_name": "HAB",
          "type": "private",
          "username": "MHB2005"
        },
        "date": 1786714350,
        "entities": [
          {
            "length": 8,
            "offset": 0,
            "type": "bot_command"
          }
        ],
        "from": {
          "first_name": "Matin",
          "id": 5591589863,
          "is_bot": false,
          "language_code": "en",
          "last_name": "HAB",
          "username": "MHB2005"
        },
        "message_id": 563,
        "text": "/salavat"
      },
      "update_id": 712567611
    }
  ]
}
--------------------------------------------------------------------------------
2026/08/14 17:02:28.078640 request url: https://api.telegram.org/bot***/sendMessage, payload:
Payload:
{
  "chat_id": 5591589863,
  "text": "الله هم صله الله محمد و آل محمد"
}
--------------------------------------------------------------------------------
2026/08/14 17:02:28.335524 response from 'https://api.telegram.org/bot***/sendMessage' with payload '
Payload:
{
  "ok": true,
  "result": {
    "chat": {
      "first_name": "Matin",
      "id": 5591589863,
      "last_name": "HAB",
      "type": "private",
      "username": "MHB2005"
    },
    "date": 1786714350,
    "from": {
      "first_name": "AS7",
      "id": 7777388555,
      "is_bot": true,
      "username": "AS777_77_bot"
    },
    "message_id": 564,
    "text": "الله هم صله الله محمد و آل محمد"
  }
}
--------------------------------------------------------------------------------
2026/08/14 17:02:30.810432 response from 'https://api.telegram.org/bot***/getUpdates' with payload '
Payload:
{
  "ok": true,
  "result": [
    {
      "message": {
        "chat": {
          "first_name": "Matin",
          "id": 5591589863,
          "last_name": "HAB",
          "type": "private",
          "username": "MHB2005"
        },
        "date": 1786714353,
        "entities": [
          {
            "length": 8,
            "offset": 0,
            "type": "bot_command"
          }
        ],
        "from": {
          "first_name": "Matin",
          "id": 5591589863,
          "is_bot": false,
          "language_code": "en",
          "last_name": "HAB",
          "username": "MHB2005"
        },
        "message_id": 565,
        "text": "/credits"
      },
      "update_id": 712567612
    }
  ]
}
--------------------------------------------------------------------------------
2026/08/14 17:02:30.813003 request url: https://api.telegram.org/bot***/sendMessage, payload:
Payload:
{
  "chat_id": 5591589863,
  "text": "MatinHAB05 - 2026"
}
--------------------------------------------------------------------------------
2026/08/14 17:02:31.010719 response from 'https://api.telegram.org/bot***/sendMessage' with payload '
Payload:
{
  "ok": true,
  "result": {
    "chat": {
      "first_name": "Matin",
      "id": 5591589863,
      "last_name": "HAB",
      "type": "private",
      "username": "MHB2005"
    },
    "date": 1786714353,
    "from": {
      "first_name": "AS7",
      "id": 7777388555,
      "is_bot": true,
      "username": "AS777_77_bot"
    },
    "message_id": 566,
    "text": "MatinHAB05 - 2026"
  }
}
--------------------------------------------------------------------------------
2026/08/14 17:02:35.160990 response from 'https://api.telegram.org/bot***/getUpdates' with payload '
Payload:
{
  "ok": true,
  "result": [
    {
      "message": {
        "chat": {
          "first_name": "Matin",
          "id": 5591589863,
          "last_name": "HAB",
          "type": "private",
          "username": "MHB2005"
        },
        "date": 1786714357,
        "entities": [
          {
            "length": 6,
            "offset": 0,
            "type": "bot_command"
          }
        ],
        "from": {
          "first_name": "Matin",
          "id": 5591589863,
          "is_bot": false,
          "language_code": "en",
          "last_name": "HAB",
          "username": "MHB2005"
        },
        "message_id": 567,
        "text": "/start"
      },
      "update_id": 712567613
    }
  ]
}
--------------------------------------------------------------------------------
2026/08/14 17:02:35.161743 request url: https://api.telegram.org/bot***/sendMessage, payload:
Payload:
{
  "chat_id": 5591589863,
  "reply_markup": {
    "inline_keyboard": [
      [
        {
          "callback_data": "select_opt1",
          "text": "Option 1 🟢"
        },
        {
          "callback_data": "select_opt2",
          "text": "Option 2 🔵"
        }
      ]
    ]
  },
  "text": "Hello! Welcome to the test bot. Please select an option:"
}
--------------------------------------------------------------------------------
2026/08/14 17:02:35.353629 response from 'https://api.telegram.org/bot***/sendMessage' with payload '
Payload:
{
  "ok": true,
  "result": {
    "chat": {
      "first_name": "Matin",
      "id": 5591589863,
      "last_name": "HAB",
      "type": "private",
      "username": "MHB2005"
    },
    "date": 1786714358,
    "from": {
      "first_name": "AS7",
      "id": 7777388555,
      "is_bot": true,
      "username": "AS777_77_bot"
    },
    "message_id": 568,
    "reply_markup": {
      "inline_keyboard": [
        [
          {
            "callback_data": "select_opt1",
            "text": "Option 1 🟢"
          },
          {
            "callback_data": "select_opt2",
            "text": "Option 2 🔵"
          }
        ]
      ]
    },
    "text": "Hello! Welcome to the test bot. Please select an option:"
  }
}
--------------------------------------------------------------------------------
2026/08/14 17:02:37.709202 response from 'https://api.telegram.org/bot***/getUpdates' with payload '
Payload:
{
  "ok": true,
  "result": [
    {
      "callback_query": {
        "chat_instance": "-7109816567074987546",
        "data": "select_opt1",
        "from": {
          "first_name": "Matin",
          "id": 5591589863,
          "is_bot": false,
          "language_code": "en",
          "last_name": "HAB",
          "username": "MHB2005"
        },
        "id": "5568951521290451085",
        "message": {
          "chat": {
            "first_name": "Matin",
            "id": 5591589863,
            "last_name": "HAB",
            "type": "private",
            "username": "MHB2005"
          },
          "date": 1786714358,
          "from": {
            "first_name": "AS7",
            "id": 7777388555,
            "is_bot": true,
            "username": "AS777_77_bot"
          },
          "message_id": 568,
          "reply_markup": {
            "inline_keyboard": [
              [
                {
                  "callback_data": "select_opt1",
                  "text": "Option 1 🟢"
                },
                {
                  "callback_data": "select_opt2",
                  "text": "Option 2 🔵"
                }
              ]
            ]
          },
          "text": "Hello! Welcome to the test bot. Please select an option:"
        }
      },
      "update_id": 712567614
    }
  ]
}
--------------------------------------------------------------------------------
2026/08/14 17:02:37.709202 request url: https://api.telegram.org/bot***/answerCallbackQuery, payload:
Payload:
{
  "callback_query_id": "5568951521290451085",
  "text": "Selection recorded!"
}
--------------------------------------------------------------------------------
2026/08/14 17:02:37.930639 response from 'https://api.telegram.org/bot***/answerCallbackQuery' with payload '
Payload:
{
  "ok": true,
  "result": true
}
--------------------------------------------------------------------------------
2026/08/14 17:02:37.930639 request url: https://api.telegram.org/bot***/sendMessage, payload:
Payload:
{
  "chat_id": 5591589863,
  "text": "You clicked the button with data: `select_opt1` 🔥"
}
--------------------------------------------------------------------------------
2026/08/14 17:02:38.201944 response from 'https://api.telegram.org/bot***/sendMessage' with payload '
Payload:
{
  "ok": true,
  "result": {
    "chat": {
      "first_name": "Matin",
      "id": 5591589863,
      "last_name": "HAB",
      "type": "private",
      "username": "MHB2005"
    },
    "date": 1786714360,
    "from": {
      "first_name": "AS7",
      "id": 7777388555,
      "is_bot": true,
      "username": "AS777_77_bot"
    },
    "message_id": 569,
    "text": "You clicked the button with data: `select_opt1` 🔥"
  }
}
--------------------------------------------------------------------------------
2026/08/14 17:02:52.886777 response from 'https://api.telegram.org/bot***/getUpdates' with payload '
Payload:
{
  "ok": true,
  "result": [
    {
      "callback_query": {
        "chat_instance": "-7109816567074987546",
        "data": "select_opt2",
        "from": {
          "first_name": "Matin",
          "id": 5591589863,
          "is_bot": false,
          "language_code": "en",
          "last_name": "HAB",
          "username": "MHB2005"
        },
        "id": "5568951522310129172",
        "message": {
          "chat": {
            "first_name": "Matin",
            "id": 5591589863,
            "last_name": "HAB",
            "type": "private",
            "username": "MHB2005"
          },
          "date": 1786714358,
          "from": {
            "first_name": "AS7",
            "id": 7777388555,
            "is_bot": true,
            "username": "AS777_77_bot"
          },
          "message_id": 568,
          "reply_markup": {
            "inline_keyboard": [
              [
                {
                  "callback_data": "select_opt1",
                  "text": "Option 1 🟢"
                },
                {
                  "callback_data": "select_opt2",
                  "text": "Option 2 🔵"
                }
              ]
            ]
          },
          "text": "Hello! Welcome to the test bot. Please select an option:"
        }
      },
      "update_id": 712567615
    }
  ]
}
--------------------------------------------------------------------------------
2026/08/14 17:02:52.888219 request url: https://api.telegram.org/bot***/answerCallbackQuery, payload:
Payload:
{
  "callback_query_id": "5568951522310129172",
  "text": "Selection recorded!"
}
--------------------------------------------------------------------------------
2026/08/14 17:02:53.074304 response from 'https://api.telegram.org/bot***/answerCallbackQuery' with payload '
Payload:
{
  "ok": true,
  "result": true
}
--------------------------------------------------------------------------------
2026/08/14 17:02:53.074304 request url: https://api.telegram.org/bot***/sendMessage, payload:
Payload:
{
  "chat_id": 5591589863,
  "text": "You clicked the button with data: `select_opt2` 🔥"
}
--------------------------------------------------------------------------------
2026/08/14 17:02:53.256830 response from 'https://api.telegram.org/bot***/sendMessage' with payload '
Payload:
{
  "ok": true,
  "result": {
    "chat": {
      "first_name": "Matin",
      "id": 5591589863,
      "last_name": "HAB",
      "type": "private",
      "username": "MHB2005"
    },
    "date": 1786714375,
    "from": {
      "first_name": "AS7",
      "id": 7777388555,
      "is_bot": true,
      "username": "AS777_77_bot"
    },
    "message_id": 570,
    "text": "You clicked the button with data: `select_opt2` 🔥"
  }
}
--------------------------------------------------------------------------------
