2026/08/14 17:48:20.438507 request url: https://api.telegram.org/bot***/getMe, payload: null
2026/08/14 17:48:21.168956 response from 'https://api.telegram.org/bot***/getMe' with payload '{"ok":true,"result":{"id":7777388555,"is_bot":true,"first_name":"AS7","username":"AS777_77_bot","can_join_groups":true,"can_read_all_group_messages":false,"supports_inline_queries":true,"supports_guest_queries":false,"can_connect_to_business":false,"has_main_web_app":false,"has_topics_enabled":false,"allows_users_to_create_topics":false,"can_manage_bots":false,"supports_join_request_queries":false}}'
2026/08/14 17:48:29.658108 response from 'https://api.telegram.org/bot***/getUpdates' with payload '{"ok":true,"result":[{"update_id":712567633,
"message":{"message_id":601,"from":{"id":5591589863,"is_bot":false,"first_name":"Matin","last_name":"HAB","username":"MHB2005","language_code":"en"},"chat":{"id":5591589863,"first_name":"Matin","last_name":"HAB","username":"MHB2005","type":"private"},"date":1786717112,"text":"/progress","entities":[{"offset":0,"length":9,"type":"bot_command"}]}}]}'
2026/08/14 17:48:29.668950 request url: https://api.telegram.org/bot***/sendMessage, payload: {"chat_id":5591589863,"text":"0 %"}
2026/08/14 17:48:30.129008 response from 'https://api.telegram.org/bot***/sendMessage' with payload '{"ok":true,"result":{"message_id":602,"from":{"id":7777388555,"is_bot":true,"first_name":"AS7","username":"AS777_77_bot"},"chat":{"id":5591589863,"first_name":"Matin","last_name":"HAB","username":"MHB2005","type":"private"},"date":1786717112,"text":"0 %"}}'
2026/08/14 17:48:31.130778 request url: https://api.telegram.org/bot***/editMessageText, payload: {"chat_id":5591589863,"message_id":602,"text":"20 %"}
2026/08/14 17:48:31.343529 response from 'https://api.telegram.org/bot***/editMessageText' with payload '{"ok":true,"result":{"message_id":602,"from":{"id":7777388555,"is_bot":true,"first_name":"AS7","username":"AS777_77_bot"},"chat":{"id":5591589863,"first_name":"Matin","last_name":"HAB","username":"MHB2005","type":"private"},"date":1786717112,"edit_date":1786717114,"text":"20 %"}}'
2026/08/14 17:48:31.346415 request url: https://api.telegram.org/bot***/editMessageText, payload: {"chat_id":5591589863,"message_id":602,"text":"30 %"}
2026/08/14 17:48:31.543028 response from 'https://api.telegram.org/bot***/editMessageText' with payload '{"ok":true,"result":{"message_id":602,"from":{"id":7777388555,"is_bot":true,"first_name":"AS7","username":"AS777_77_bot"},"chat":{"id":5591589863,"first_name":"Matin","last_name":"HAB","username":"MHB2005","type":"private"},"date":1786717112,"edit_date":1786717114,"text":"30 %"}}'
2026/08/14 17:48:33.544252 request url: https://api.telegram.org/bot***/editMessageText, payload: {"chat_id":5591589863,"message_id":602,"text":"35 %"}
2026/08/14 17:48:33.753603 response from 'https://api.telegram.org/bot***/editMessageText' with payload '{"ok":true,"result":{"message_id":602,"from":{"id":7777388555,"is_bot":true,"first_name":"AS7","username":"AS777_77_bot"},"chat":{"id":5591589863,"first_name":"Matin","last_name":"HAB","username":"MHB2005","type":"private"},"date":1786717112,"edit_date":1786717116,"text":"35 %"}}'
2026/08/14 17:48:33.754698 request url: https://api.telegram.org/bot***/editMessageText, payload: {"chat_id":5591589863,"message_id":602,"text":"35 %"}
2026/08/14 17:48:35.939659 request url: https://api.telegram.org/bot***/editMessageText, payload: {"chat_id":5591589863,"message_id":602,"text":"45 %"}
2026/08/14 17:48:36.076625 response from 'https://api.telegram.org/bot***/editMessageText' with payload '{"ok":true,"result":{"message_id":602,"from":{"id":7777388555,"is_bot":true,"first_name":"AS7","username":"AS777_77_bot"},"chat":{"id":5591589863,"first_name":"Matin","last_name":"HAB","username":"MHB2005","type":"private"},"date":1786717112,"edit_date":1786717118,"text":"45 %"}}'
2026/08/14 17:48:37.078730 request url: https://api.telegram.org/bot***/editMessageText, payload: {"chat_id":5591589863,"message_id":602,"text":"50 %"}
2026/08/14 17:48:37.329090 response from 'https://api.telegram.org/bot***/editMessageText' with payload '{"ok":true,"result":{"message_id":602,"from":{"id":7777388555,"is_bot":true,"first_name":"AS7","username":"AS777_77_bot"},"chat":{"id":5591589863,"first_name":"Matin","last_name":"HAB","username":"MHB2005","type":"private"},"date":1786717112,"edit_date":1786717120,"text":"50 %"}}'
2026/08/14 17:48:38.330951 request url: https://api.telegram.org/bot***/editMessageText, payload: {"chat_id":5591589863,"message_id":602,"text":"65 %"}
2026/08/14 17:48:38.540686 response from 'https://api.telegram.org/bot***/editMessageText' with payload '{"ok":true,"result":{"message_id":602,"from":{"id":7777388555,"is_bot":true,"first_name":"AS7","username":"AS777_77_bot"},"chat":{"id":5591589863,"first_name":"Matin","last_name":"HAB","username":"MHB2005","type":"private"},"date":1786717112,"edit_date":1786717121,"text":"65 %"}}'
2026/08/14 17:48:39.543578 request url: https://api.telegram.org/bot***/editMessageText, payload: {"chat_id":5591589863,"message_id":602,"text":"85 %"}
2026/08/14 17:48:39.841142 response from 'https://api.telegram.org/bot***/editMessageText' with payload '{"ok":true,"result":{"message_id":602,"from":{"id":7777388555,"is_bot":true,"first_name":"AS7","username":"AS777_77_bot"},"chat":{"id":5591589863,"first_name":"Matin","last_name":"HAB","username":"MHB2005","type":"private"},"date":1786717112,"edit_date":1786717122,"text":"85 %"}}'
2026/08/14 17:48:39.842969 request url: https://api.telegram.org/bot***/editMessageText, payload: {"chat_id":5591589863,"message_id":602,"text":"85 %"}
2026/08/14 17:48:42.108970 request url: https://api.telegram.org/bot***/editMessageText, payload: {"chat_id":5591589863,"message_id":602,"text":"95 %"}
2026/08/14 17:48:42.260561 response from 'https://api.telegram.org/bot***/editMessageText' with payload '{"ok":true,"result":{"message_id":602,"from":{"id":7777388555,"is_bot":true,"first_name":"AS7","username":"AS777_77_bot"},"chat":{"id":5591589863,"first_name":"Matin","last_name":"HAB","username":"MHB2005","type":"private"},"date":1786717112,"edit_date":1786717124,"text":"95 %"}}'
2026/08/14 17:48:42.260561 request url: https://api.telegram.org/bot***/editMessageText, payload: {"chat_id":5591589863,"message_id":602,"text":"100 %"}
2026/08/14 17:48:42.433713 response from 'https://api.telegram.org/bot***/editMessageText' with payload '{"ok":true,"result":{"message_id":602,"from":{"id":7777388555,"is_bot":true,"first_name":"AS7","username":"AS777_77_bot"},"chat":{"id":5591589863,"first_name":"Matin","last_name":"HAB","username":"MHB2005","type":"private"},"date":1786717112,"edit_date":1786717125,"text":"100 %"}}'
