2026/08/14 18:05:34.793934 request url: https://api.telegram.org/bot***/getMe, payload: null
2026/08/14 18:05:35.385306 response from 'https://api.telegram.org/bot***/getMe' with payload '{"ok":true,"result":{"id":7777388555,"is_bot":true,"first_name":"AS7","username":"AS777_77_bot","can_join_groups":true,"can_read_all_group_messages":false,"supports_inline_queries":true,"supports_guest_queries":false,"can_connect_to_business":false,"has_main_web_app":false,"has_topics_enabled":false,"allows_users_to_create_topics":false,"can_manage_bots":false,"supports_join_request_queries":false}}'
2026/08/14 18:05:36.648274 response from 'https://api.telegram.org/bot***/getUpdates' with payload '{"ok":true,"result":[{"update_id":712567634,
"message":{"message_id":603,"from":{"id":5591589863,"is_bot":false,"first_name":"Matin","last_name":"HAB","username":"MHB2005","language_code":"en"},"chat":{"id":5591589863,"first_name":"Matin","last_name":"HAB","username":"MHB2005","type":"private"},"date":1786718139,"text":"/salavat","entities":[{"offset":0,"length":8,"type":"bot_command"}]}}]}'
2026/08/14 18:05:36.654335 request url: https://api.telegram.org/bot***/sendMessageDraft, payload: {"chat_id":5591589863,"draft_id":"1786718136653628600","text":"Hello! I am  ▌"}
2026/08/14 18:05:36.803671 response from 'https://api.telegram.org/bot***/sendMessageDraft' with payload '{"ok":true,"result":true}'
2026/08/14 18:05:37.004863 request url: https://api.telegram.org/bot***/sendMessageDraft, payload: {"chat_id":5591589863,"draft_id":"1786718136653628600","text":"Hello! I am an AI assistant.  ▌"}
2026/08/14 18:05:37.147951 response from 'https://api.telegram.org/bot***/sendMessageDraft' with payload '{"ok":true,"result":true}'
2026/08/14 18:05:37.349857 request url: https://api.telegram.org/bot***/sendMessageDraft, payload: {"chat_id":5591589863,"draft_id":"1786718136653628600","text":"Hello! I am an AI assistant. I can help  ▌"}
2026/08/14 18:05:37.540702 response from 'https://api.telegram.org/bot***/sendMessageDraft' with payload '{"ok":true,"result":true}'
2026/08/14 18:05:37.741913 request url: https://api.telegram.org/bot***/sendMessageDraft, payload: {"chat_id":5591589863,"draft_id":"1786718136653628600","text":"Hello! I am an AI assistant. I can help you with many  ▌"}
2026/08/14 18:05:37.947929 response from 'https://api.telegram.org/bot***/sendMessageDraft' with payload '{"ok":true,"result":true}'
2026/08/14 18:05:38.148689 request url: https://api.telegram.org/bot***/sendMessageDraft, payload: {"chat_id":5591589863,"draft_id":"1786718136653628600","text":"Hello! I am an AI assistant. I can help you with many tasks, such as  ▌"}
2026/08/14 18:05:38.279093 response from 'https://api.telegram.org/bot***/sendMessageDraft' with payload '{"ok":true,"result":true}'
2026/08/14 18:05:38.479965 request url: https://api.telegram.org/bot***/sendMessageDraft, payload: {"chat_id":5591589863,"draft_id":"1786718136653628600","text":"Hello! I am an AI assistant. I can help you with many tasks, such as answering questions, writing  ▌"}
2026/08/14 18:05:38.653109 response from 'https://api.telegram.org/bot***/sendMessageDraft' with payload '{"ok":true,"result":true}'
2026/08/14 18:05:38.854119 request url: https://api.telegram.org/bot***/sendMessageDraft, payload: {"chat_id":5591589863,"draft_id":"1786718136653628600","text":"Hello! I am an AI assistant. I can help you with many tasks, such as answering questions, writing code, and having  ▌"}
2026/08/14 18:05:38.997229 response from 'https://api.telegram.org/bot***/sendMessageDraft' with payload '{"ok":true,"result":true}'
2026/08/14 18:05:39.198121 request url: https://api.telegram.org/bot***/sendMessageDraft, payload: {"chat_id":5591589863,"draft_id":"1786718136653628600","text":"Hello! I am an AI assistant. I can help you with many tasks, such as answering questions, writing code, and having conversations. How can  ▌"}
2026/08/14 18:05:39.347676 response from 'https://api.telegram.org/bot***/sendMessageDraft' with payload '{"ok":true,"result":true}'
2026/08/14 18:05:39.548822 request url: https://api.telegram.org/bot***/sendMessageDraft, payload: {"chat_id":5591589863,"draft_id":"1786718136653628600","text":"Hello! I am an AI assistant. I can help you with many tasks, such as answering questions, writing code, and having conversations. How can I assist you  ▌"}
2026/08/14 18:05:39.724495 response from 'https://api.telegram.org/bot***/sendMessageDraft' with payload '{"ok":true,"result":true}'
2026/08/14 18:05:39.925260 request url: https://api.telegram.org/bot***/sendMessageDraft, payload: {"chat_id":5591589863,"draft_id":"1786718136653628600","text":"Hello! I am an AI assistant. I can help you with many tasks, such as answering questions, writing code, and having conversations. How can I assist you today?"}
2026/08/14 18:05:40.142644 response from 'https://api.telegram.org/bot***/sendMessageDraft' with payload '{"ok":true,"result":true}'
2026/08/14 18:05:40.345017 request url: https://api.telegram.org/bot***/sendMessage, payload: {"chat_id":5591589863,"text":"Hello! I am an AI assistant. I can help you with many tasks, such as answering questions, writing code, and having conversations. How can I assist you today?"}
2026/08/14 18:05:40.600571 response from 'https://api.telegram.org/bot***/sendMessage' with payload '{"ok":true,"result":{"message_id":604,"from":{"id":7777388555,"is_bot":true,"first_name":"AS7","username":"AS777_77_bot"},"chat":{"id":5591589863,"first_name":"Matin","last_name":"HAB","username":"MHB2005","type":"private"},"date":1786718143,"text":"Hello! I am an AI assistant. I can help you with many tasks, such as answering questions, writing code, and having conversations. How can I assist you today?"}}'
