2026/08/14 17:18:20.749002 request url: https://api.telegram.org/bot***/getMe, payload: null
2026/08/14 17:18:21.749031 response from 'https://api.telegram.org/bot***/getMe' with payload '
Payload:
{
  "ok": true,
  "result": {
    "allows_users_to_create_topics": false,
    "can_connect_to_business": false,
    "can_join_groups": true,
    "can_manage_bots": false,
    "can_read_all_group_messages": false,
    "first_name": "AS7",
    "has_main_web_app": false,
    "has_topics_enabled": false,
    "id": 7777388555,
    "is_bot": true,
    "supports_guest_queries": false,
    "supports_inline_queries": true,
    "supports_join_request_queries": false,
    "username": "AS777_77_bot"
  }
}
--------------------------------------------------------------------------------
2026/08/14 17:18:27.212485 response from 'https://api.telegram.org/bot***/getUpdates' with payload '
Payload:
{
  "ok": true,
  "result": [
    {
      "callback_query": {
        "chat_instance": "-7109816567074987546",
        "data": "select_opt1",
        "from": {
          "first_name": "Matin",
          "id": 5591589863,
          "is_bot": false,
          "language_code": "en",
          "last_name": "HAB",
          "username": "MHB2005"
        },
        "id": "5568951522215281920",
        "message": {
          "chat": {
            "first_name": "Matin",
            "id": 5591589863,
            "last_name": "HAB",
            "type": "private",
            "username": "MHB2005"
          },
          "date": 1786715267,
          "from": {
            "first_name": "AS7",
            "id": 7777388555,
            "is_bot": true,
            "username": "AS777_77_bot"
          },
          "message_id": 577,
          "reply_markup": {
            "inline_keyboard": [
              [
                {
                  "callback_data": "select_opt1",
                  "text": "Option 1 🟢"
                },
                {
                  "callback_data": "select_opt2",
                  "text": "Option 2 🔵"
                }
              ]
            ]
          },
          "text": "Hello! Welcome to the test bot. Please select an option:"
        }
      },
      "update_id": 712567621
    }
  ]
}
--------------------------------------------------------------------------------
2026/08/14 17:18:27.218174 request url: https://api.telegram.org/bot***/answerCallbackQuery, payload:
Payload:
{
  "callback_query_id": "5568951522215281920",
  "text": "Selection recorded!"
}
--------------------------------------------------------------------------------
2026/08/14 17:18:27.381256 response from 'https://api.telegram.org/bot***/answerCallbackQuery' with payload '
Payload:
{
  "ok": true,
  "result": true
}
--------------------------------------------------------------------------------
2026/08/14 17:18:27.382388 request url: https://api.telegram.org/bot***/sendMessage, payload:
Payload:
{
  "chat_id": 5591589863,
  "text": "You clicked the button with data: `select_opt1` 🔥"
}
--------------------------------------------------------------------------------
2026/08/14 17:18:27.566154 response from 'https://api.telegram.org/bot***/sendMessage' with payload '
Payload:
{
  "ok": true,
  "result": {
    "chat": {
      "first_name": "Matin",
      "id": 5591589863,
      "last_name": "HAB",
      "type": "private",
      "username": "MHB2005"
    },
    "date": 1786715310,
    "from": {
      "first_name": "AS7",
      "id": 7777388555,
      "is_bot": true,
      "username": "AS777_77_bot"
    },
    "message_id": 579,
    "text": "You clicked the button with data: `select_opt1` 🔥"
  }
}
--------------------------------------------------------------------------------
2026/08/14 17:26:13.712777 wait after error, 100ms
2026/08/14 17:26:22.495523 wait after error, 200ms
