2026/08/14 11:36:20.308494 request url: https://api.telegram.org/bot***/getMe, payload: null
2026/08/14 11:36:21.257299 response from 'https://api.telegram.org/bot***/getMe' with payload '
Payload:
{
  "ok": true,
  "result": {
    "allows_users_to_create_topics": false,
    "can_connect_to_business": false,
    "can_join_groups": true,
    "can_manage_bots": false,
    "can_read_all_group_messages": false,
    "first_name": "AS7",
    "has_main_web_app": false,
    "has_topics_enabled": false,
    "id": 7777388555,
    "is_bot": true,
    "supports_guest_queries": false,
    "supports_inline_queries": true,
    "supports_join_request_queries": false,
    "username": "AS777_77_bot"
  }
}
--------------------------------------------------------------------------------
2026/08/14 11:36:21.449442 response from 'https://api.telegram.org/bot***/getUpdates' with payload '
Payload:
{
  "ok": true,
  "result": [
    {
      "message": {
        "chat": {
          "first_name": "Matin",
          "id": 5591589863,
          "last_name": "HAB",
          "type": "private",
          "username": "MHB2005"
        },
        "date": 1786694780,
        "from": {
          "first_name": "Matin",
          "id": 5591589863,
          "is_bot": false,
          "language_code": "en",
          "last_name": "HAB",
          "username": "MHB2005"
        },
        "message_id": 503,
        "text": "AAAAA"
      },
      "update_id": 712567569
    }
  ]
}
--------------------------------------------------------------------------------
2026/08/14 11:36:21.467065 request url: https://api.telegram.org/bot***/sendMessage, payload:
Payload:
{
  "chat_id": 5591589863,
  "text": "Command or message not recognized. Please use /help for available options."
}
--------------------------------------------------------------------------------
2026/08/14 11:36:21.743140 response from 'https://api.telegram.org/bot***/sendMessage' with payload '
Payload:
{
  "ok": true,
  "result": {
    "chat": {
      "first_name": "Matin",
      "id": 5591589863,
      "last_name": "HAB",
      "type": "private",
      "username": "MHB2005"
    },
    "date": 1786694784,
    "entities": [
      {
        "length": 5,
        "offset": 46,
        "type": "bot_command"
      }
    ],
    "from": {
      "first_name": "AS7",
      "id": 7777388555,
      "is_bot": true,
      "username": "AS777_77_bot"
    },
    "message_id": 504,
    "text": "Command or message not recognized. Please use /help for available options."
  }
}
--------------------------------------------------------------------------------
2026/08/14 11:36:25.675613 response from 'https://api.telegram.org/bot***/getUpdates' with payload '
Payload:
{
  "ok": true,
  "result": [
    {
      "message": {
        "chat": {
          "first_name": "Matin",
          "id": 5591589863,
          "last_name": "HAB",
          "type": "private",
          "username": "MHB2005"
        },
        "date": 1786694788,
        "from": {
          "first_name": "Matin",
          "id": 5591589863,
          "is_bot": false,
          "language_code": "en",
          "last_name": "HAB",
          "username": "MHB2005"
        },
        "message_id": 505,
        "text": "AAAA"
      },
      "update_id": 712567570
    }
  ]
}
--------------------------------------------------------------------------------
2026/08/14 11:36:25.676120 request url: https://api.telegram.org/bot***/sendMessage, payload:
Payload:
{
  "chat_id": 5591589863,
  "text": "Command or message not recognized. Please use /help for available options."
}
--------------------------------------------------------------------------------
2026/08/14 11:36:25.935647 response from 'https://api.telegram.org/bot***/sendMessage' with payload '
Payload:
{
  "ok": true,
  "result": {
    "chat": {
      "first_name": "Matin",
      "id": 5591589863,
      "last_name": "HAB",
      "type": "private",
      "username": "MHB2005"
    },
    "date": 1786694788,
    "entities": [
      {
        "length": 5,
        "offset": 46,
        "type": "bot_command"
      }
    ],
    "from": {
      "first_name": "AS7",
      "id": 7777388555,
      "is_bot": true,
      "username": "AS777_77_bot"
    },
    "message_id": 506,
    "text": "Command or message not recognized. Please use /help for available options."
  }
}
--------------------------------------------------------------------------------
2026/08/14 11:36:35.641318 response from 'https://api.telegram.org/bot***/getUpdates' with payload '
Payload:
{
  "ok": true,
  "result": [
    {
      "message": {
        "chat": {
          "first_name": "Matin",
          "id": 5591589863,
          "last_name": "HAB",
          "type": "private",
          "username": "MHB2005"
        },
        "date": 1786694798,
        "from": {
          "first_name": "Matin",
          "id": 5591589863,
          "is_bot": false,
          "language_code": "en",
          "last_name": "HAB",
          "username": "MHB2005"
        },
        "message_id": 507,
        "text": "cc"
      },
      "update_id": 712567571
    }
  ]
}
--------------------------------------------------------------------------------
2026/08/14 11:36:35.641828 request url: https://api.telegram.org/bot***/sendMessage, payload:
Payload:
{
  "chat_id": 5591589863,
  "text": "Command or message not recognized. Please use /help for available options."
}
--------------------------------------------------------------------------------
2026/08/14 11:36:35.827953 response from 'https://api.telegram.org/bot***/sendMessage' with payload '
Payload:
{
  "ok": true,
  "result": {
    "chat": {
      "first_name": "Matin",
      "id": 5591589863,
      "last_name": "HAB",
      "type": "private",
      "username": "MHB2005"
    },
    "date": 1786694798,
    "entities": [
      {
        "length": 5,
        "offset": 46,
        "type": "bot_command"
      }
    ],
    "from": {
      "first_name": "AS7",
      "id": 7777388555,
      "is_bot": true,
      "username": "AS777_77_bot"
    },
    "message_id": 508,
    "text": "Command or message not recognized. Please use /help for available options."
  }
}
--------------------------------------------------------------------------------
