2026/08/14 17:45:50.620174 request url: https://api.telegram.org/bot***/getMe, payload: null
2026/08/14 17:45:51.455772 response from 'https://api.telegram.org/bot***/getMe' with payload '{"ok":true,"result":{"id":7777388555,"is_bot":true,"first_name":"AS7","username":"AS777_77_bot","can_join_groups":true,"can_read_all_group_messages":false,"supports_inline_queries":true,"supports_guest_queries":false,"can_connect_to_business":false,"has_main_web_app":false,"has_topics_enabled":false,"allows_users_to_create_topics":false,"can_manage_bots":false,"supports_join_request_queries":false}}'
2026/08/14 17:45:51.582804 response from 'https://api.telegram.org/bot***/getUpdates' with payload '{"ok":true,"result":[{"update_id":712567628,
"message":{"message_id":591,"from":{"id":5591589863,"is_bot":false,"first_name":"Matin","last_name":"HAB","username":"MHB2005","language_code":"en"},"chat":{"id":5591589863,"first_name":"Matin","last_name":"HAB","username":"MHB2005","type":"private"},"date":1786716933,"text":"/start","entities":[{"offset":0,"length":6,"type":"bot_command"}]}}]}'
2026/08/14 17:45:51.585875 request url: https://api.telegram.org/bot***/sendMessage, payload: {"chat_id":5591589863,"text":"Hello! Welcome to the test bot. Please select an option:","reply_markup":{"inline_keyboard":[[{"text":"Option 1 🟢","callback_data":"select_opt1"},{"text":"Option 2 🔵","callback_data":"select_opt2"}]]}}
2026/08/14 17:45:51.796155 response from 'https://api.telegram.org/bot***/sendMessage' with payload '{"ok":true,"result":{"message_id":592,"from":{"id":7777388555,"is_bot":true,"first_name":"AS7","username":"AS777_77_bot"},"chat":{"id":5591589863,"first_name":"Matin","last_name":"HAB","username":"MHB2005","type":"private"},"date":1786716954,"text":"Hello! Welcome to the test bot. Please select an option:","reply_markup":{"inline_keyboard":[[{"text":"Option 1 \ud83d\udfe2","callback_data":"select_opt1"},{"text":"Option 2 \ud83d\udd35","callback_data":"select_opt2"}]]}}}'
2026/08/14 17:46:00.143948 response from 'https://api.telegram.org/bot***/getUpdates' with payload '{"ok":true,"result":[{"update_id":712567629,
"message":{"message_id":593,"from":{"id":5591589863,"is_bot":false,"first_name":"Matin","last_name":"HAB","username":"MHB2005","language_code":"en"},"chat":{"id":5591589863,"first_name":"Matin","last_name":"HAB","username":"MHB2005","type":"private"},"date":1786716962,"text":"/progress","entities":[{"offset":0,"length":9,"type":"bot_command"}]}}]}'
2026/08/14 17:46:00.144467 request url: https://api.telegram.org/bot***/sendMessage, payload: {"chat_id":5591589863,"text":"0 %"}
2026/08/14 17:46:00.294152 response from 'https://api.telegram.org/bot***/sendMessage' with payload '{"ok":true,"result":{"message_id":594,"from":{"id":7777388555,"is_bot":true,"first_name":"AS7","username":"AS777_77_bot"},"chat":{"id":5591589863,"first_name":"Matin","last_name":"HAB","username":"MHB2005","type":"private"},"date":1786716962,"text":"0 %"}}'
2026/08/14 17:46:01.295128 request url: https://api.telegram.org/bot***/editMessageText, payload: {"chat_id":593,"text":"25 %"}
2026/08/14 17:46:03.577109 request url: https://api.telegram.org/bot***/editMessageText, payload: {"chat_id":593,"text":"30 %"}
2026/08/14 17:46:03.831734 request url: https://api.telegram.org/bot***/editMessageText, payload: {"chat_id":593,"text":"30 %"}
2026/08/14 17:46:04.034702 request url: https://api.telegram.org/bot***/editMessageText, payload: {"chat_id":593,"text":"35 %"}
2026/08/14 17:46:06.290908 request url: https://api.telegram.org/bot***/editMessageText, payload: {"chat_id":593,"text":"35 %"}
2026/08/14 17:46:06.450149 request url: https://api.telegram.org/bot***/editMessageText, payload: {"chat_id":593,"text":"60 %"}
2026/08/14 17:46:07.649234 request url: https://api.telegram.org/bot***/editMessageText, payload: {"chat_id":593,"text":"75 %"}
2026/08/14 17:46:08.852522 request url: https://api.telegram.org/bot***/editMessageText, payload: {"chat_id":593,"text":"90 %"}
2026/08/14 17:46:09.065230 request url: https://api.telegram.org/bot***/editMessageText, payload: {"chat_id":593,"text":"95 %"}
2026/08/14 17:46:11.355420 request url: https://api.telegram.org/bot***/editMessageText, payload: {"chat_id":593,"text":"115 %"}
